C51 COMPILER V9.00   INFRAREDTRACK                                                         12/23/2021 14:39:11 PAGE 1   


C51 COMPILER V9.00, COMPILATION OF MODULE INFRAREDTRACK
OBJECT MODULE PLACED IN Infraredtrack.OBJ
COMPILER INVOKED BY: C:\Keil\C51\BIN\C51.EXE Infraredtrack.c OMF2 BROWSE DEBUG

line level    source

   1          #include <reg52.h>
   2          #include "MoveState.h"
   3          #include "Timer.h"
   4          #include "Delay.h"
   5          
   6          unsigned int s=0;
   7          unsigned int f=0;
   8          unsigned int k=0;
   9          
  10          sbit D1=P3^3;
  11          sbit D2=P3^4;
  12          sbit D3=P3^5;
  13          sbit D4=P3^6;
  14          sbit D5=P3^7;
  15          
  16          void Track()   //1为灭 0为亮   灭1   亮0     检测到黑线为灭1   
  17          {
  18   1              
  19   1              if(D1==1&&D2==0&&D3==0&&D4==0&&D5==1)                                                   //小车在站点停靠，灯全灭都为1
  20   1                      {
  21   2                              
  22   2                              PWML=0;                          //左电机初始转速
  23   2                              PWMR=0;
  24   2                                      lcd1602_init();
  25   2              lcd1602_write_cmd(0x82); //确定显示位置 
  26   2              lcd1602_write_data(0x41);//确定显示内容 
  27   2              lcd1602_char(0,3,'Q');
  28   2                             //右电机初始转速
  29   2                                                              lcd1602_init();
  30   2              lcd1602_write_cmd(0x82); //确定显示位置 
  31   2              lcd1602_write_data(0x41);//确定显示内容 
  32   2              lcd1602_char(0,5,s);               
  33   2                              s++;
  34   2                              CarStop();
  35   2                      }
  36   1      //////////////////////////////////////////////////////////////////////////////////////////////////////////
             -//////////                
  37   1                      
  38   1                      
  39   1              if(D1==1&&D2==1&&D3==1&&D4==0&&D5==1)  //小车右边扫描到黑线（轻微偏右）  小车应该向右移动  0100
  40   1                      {
  41   2                              
  42   2                              PWML=0;                           //左电机初始转速
  43   2                              PWMR=70;     
  44   2                                                              lcd1602_init();
  45   2              lcd1602_write_cmd(0x82); //确定显示位置 
  46   2              lcd1602_write_data(0x41);//确定显示内容 
  47   2              lcd1602_char(0,3,'R');
  48   2                                   //右电机初始转速
  49   2                                 f++;
  50   2                                      lcd1602_write_cmd(0x82); //确定显示位置 
  51   2              lcd1602_write_data(0x41);//确定显示内容 
  52   2              lcd1602_char(0,8,f);
  53   2                              CarGo();
  54   2                      }
C51 COMPILER V9.00   INFRAREDTRACK                                                         12/23/2021 14:39:11 PAGE 2   

  55   1      //////////////////////////////////////////////////////////////////////////////////////////////////////////
             -//////////                
  56   1                      
  57   1      //              if(D1==0&&D2==0&&D3==0&&D4==1)  //小车右边扫描到黑线（转小圈）  小车应该向右移动  1000
  58   1      //              {
  59   1      //                      
  60   1      //                      PWML=15;                           //左电机初始转速
  61   1      //                      PWMR=40;                       //右电机初始转速
  62   1      //                      CarGo();
  63   1      //                      
  64   1      //              }
  65   1      //////////////////////////////////////////////////////////////////////////////////////////////////////////
             -//////////                
  66   1                      
  67   1              if(D1==1&&D2==0&&D3==1&&D4==1&&D5==1)  //小车左边扫描到黑线（轻微偏右） 小车应该向左移动     0010
  68   1                      {
  69   2                              
  70   2                              PWML=70;                           //左电机初始转速
  71   2                              PWMR=0; 
  72   2                                                              lcd1602_init();
  73   2              lcd1602_write_cmd(0x82); //确定显示位置 
  74   2              lcd1602_write_data(0x41);//确定显示内容 
  75   2              lcd1602_char(0,3,'L'); 
  76   2              k++;
  77   2                      lcd1602_write_cmd(0x82); //确定显示位置 
  78   2              lcd1602_write_data(0x41);//确定显示内容 
  79   2              lcd1602_char(1,9,k);                     //右电机初始转速
  80   2                              CarGo();
  81   2                      }
  82   1      //////////////////////////////////////////////////////////////////////////////////////////////////////////
             -//////////                
  83   1                      
  84   1                      
  85   1      //              if(D1==0&&D2==0&&D3==1&&D4==1)  //小车左边扫描到黑线（转小圈）  小车应该向左移动  0001
  86   1      //              {
  87   1      //                      
  88   1      //                      PWML=10;                           //左电机初始转速
  89   1      //                      PWMR=30;                       //右电机初始转速
  90   1      //                      CarGo();                                                                                                                                                                                                        ll      
  91   1      //                      
  92   1      //              }
  93   1      //////////////////////////////////////////////////////////////////////////////////////////////////////////
             -//////////                
  94   1                      
  95   1                      
  96   1              if(D1==1&&D2==1&&D3==0&&D5==1&&D4==1)  //小车两边都接收到红外线  小车直行      全亮都为0
  97   1                      {
  98   2                              
  99   2                              PWML=75;                           //左电机初始转速
 100   2                              PWMR=75;
 101   2              lcd1602_init();
 102   2              lcd1602_write_cmd(0x82); //确定显示位置 
 103   2              lcd1602_write_data(0x41);//确定显示内容 
 104   2              lcd1602_char(0,3,'P');     
 105   2                      lcd1602_init();
 106   2              lcd1602_write_cmd(0x82); //确定显示位置 
 107   2              lcd1602_write_data(0x41);//确定显示内容 
 108   2              lcd1602_char(1,1,'k');                 //右电机初始转速
 109   2                              CarGo();
 110   2                              
 111   2                      }
 112   1      }
C51 COMPILER V9.00   INFRAREDTRACK                                                         12/23/2021 14:39:11 PAGE 3   



MODULE INFORMATION:   STATIC OVERLAYABLE
   CODE SIZE        =    325    ----
   CONSTANT SIZE    =   ----    ----
   XDATA SIZE       =   ----    ----
   PDATA SIZE       =   ----    ----
   DATA SIZE        =      6    ----
   IDATA SIZE       =   ----    ----
   BIT SIZE         =   ----    ----
   EDATA SIZE       =   ----    ----
   HDATA SIZE       =   ----    ----
   XDATA CONST SIZE =   ----    ----
   FAR CONST SIZE   =   ----    ----
END OF MODULE INFORMATION.


C51 COMPILATION COMPLETE.  0 WARNING(S),  0 ERROR(S)
